#-----------------------------------------------------------
# Vivado v2024.1 (64-bit)
# SW Build 5076996 on Wed May 22 18:37:14 MDT 2024
# IP Build 5075265 on Wed May 22 21:45:21 MDT 2024
# SharedData Build 5076995 on Wed May 22 18:29:18 MDT 2024
# Start of session at: Tue Dec 17 16:55:54 2024
# Process ID: 23908
# Current directory: C:/Users/innfe/Proiect_SSC/AES_Encrypted_HoneyPot/AES_Encrypted_HoneyPot.runs/design_test_1_ENC_AES_0_0_synth_1
# Command line: vivado.exe -log design_test_1_ENC_AES_0_0.vds -product Vivado -mode batch -messageDb vivado.pb -notrace -source design_test_1_ENC_AES_0_0.tcl
# Log file: C:/Users/innfe/Proiect_SSC/AES_Encrypted_HoneyPot/AES_Encrypted_HoneyPot.runs/design_test_1_ENC_AES_0_0_synth_1/design_test_1_ENC_AES_0_0.vds
# Journal file: C:/Users/innfe/Proiect_SSC/AES_Encrypted_HoneyPot/AES_Encrypted_HoneyPot.runs/design_test_1_ENC_AES_0_0_synth_1\vivado.jou
# Running On        :DESKTOP-R2G1951
# Platform          :Windows Server 2016 or Windows 10
# Operating System  :19045
# Processor Detail  :AMD Ryzen 5 5600H with Radeon Graphics         
# CPU Frequency     :3294 MHz
# CPU Physical cores:6
# CPU Logical cores :12
# Host memory       :14877 MB
# Swap memory       :6710 MB
# Total Virtual     :21588 MB
# Available Virtual :7596 MB
#-----------------------------------------------------------
source design_test_1_ENC_AES_0_0.tcl -notrace
